package main

/*
cmnt

	func test1() {
		var a int
	}
*/
func main() {
	var a int
}
